// Jest Snapshot v1, https://goo.gl/fbAQLP

exports[`/components/pages/users/GrooveRadar.vue snapshot test renders correctly 1`] = `<div class=""><canvas id="radar-chart" width="0" height="0" style="display: block;" class="chartjs-render-monitor"></canvas></div>`;
